// Jest Snapshot v1, https://goo.gl/fbAQLP

exports[`Excavation announcement application view Shows correct information in areas tab 1`] = `
<div
  aria-labelledby="tab-1-button"
  id="tab-1-panel"
  role="tabpanel"
>
  <section
    class="container"
  >
    <div
      class="css-1n4r6v8"
    >
      <h3
        class="text--bold text--body-m"
      >
        Työn alkupäivämäärä
      </h3>
    </div>
    <div
      class="css-1qvxyxw"
    >
      <p>
        12.1.2023
      </p>
    </div>
    <div
      class="css-1n4r6v8"
    >
      <h3
        class="text--bold text--body-m"
      >
        Työn loppupäivämäärä
      </h3>
    </div>
    <div
      class="css-1qvxyxw"
    >
      <p>
        12.11.2024
      </p>
    </div>
  </section>
  <div
    class="Accordion-module_accordion__2fPUT Accordion-module_m__2k6QY applicationAreaContainer"
    id="accordion-30"
  >
    <div
      class="Accordion-module_accordionHeader__3_uK7"
    >
      <div
        aria-level="2"
        id="accordion-30-heading"
        role="heading"
      >
        <div
          aria-expanded="true"
          aria-labelledby="accordion-30-heading"
          class="Accordion-module_headingContainer__1DzX3"
          role="button"
          tabindex="0"
        >
          <span
            class="label"
          >
            Hankealue 2
          </span>
          <svg
            aria-hidden="true"
            aria-label="angle-up"
            class="Icon-module_icon__1Jtzj icon_hds-icon__1YqNC Icon-module_s__2WGWe icon_hds-icon--size-s__2Lkik Accordion-module_accordionButtonIcon__MQu2J"
            role="img"
            viewBox="0 0 24 24"
            xmlns="http://www.w3.org/2000/svg"
          >
            <path
              clip-rule="evenodd"
              d="M12 11.5L17 16.5L18.5 15L12 8.5L5.5 15L7 16.5L12 11.5Z"
              fill="currentColor"
              fill-rule="evenodd"
            />
          </svg>
        </div>
      </div>
    </div>
    <div
      aria-labelledby="accordion-30-heading"
      class="Accordion-module_accordionContent__1umso Accordion-module_contentWithCloseButton__-einM"
      id="accordion-30-content"
      role="region"
    >
      <section
        class="container"
      >
        <div
          class="css-1n4r6v8"
        >
          <h3
            class="text--bold text--body-m"
          >
            Katuosoite
          </h3>
        </div>
        <div
          class="css-1qvxyxw"
        >
          Aidasmäentie 5
        </div>
        <div
          class="css-1n4r6v8"
        >
          <h3
            class="text--bold text--body-m"
          >
            Työn tarkoitus
          </h3>
        </div>
        <div
          class="css-1qvxyxw"
        >
          Vesi, Viemäri
        </div>
        <div
          class="css-1n4r6v8"
        >
          <h3
            class="text--bold text--body-m"
          >
            Alueet
          </h3>
        </div>
        <div
          class="css-1qvxyxw"
        >
          <ul>
            <li
              class="css-13sjl4x"
            >
              <p
                class="css-1uo7ggc"
              >
                <strong>
                  Työalue 1
                </strong>
              </p>
              <p>
                Pinta-ala
                : 
                158 m²
              </p>
            </li>
            <li
              class="css-13sjl4x"
            >
              <p
                class="css-1uo7ggc"
              >
                <strong>
                  Työalue 2
                </strong>
              </p>
              <p>
                Pinta-ala
                : 
                30 m²
              </p>
            </li>
          </ul>
        </div>
        <div
          class="css-1n4r6v8"
        >
          <h3
            class="text--bold text--body-m"
          >
            Alueiden kokonaispinta-ala
          </h3>
        </div>
        <div
          class="css-1qvxyxw"
        >
          188
           m²
        </div>
      </section>
      <div
        class="css-1jhz5zn"
      >
        <div>
          <div
            aria-expanded="true"
            class="css-1mc7f0t"
          >
            <button
              class="css-12ax0h3"
              type="button"
            >
              <div
                class="css-usczae"
              >
                <h2
                  class="heading-s css-1eif5ff"
                >
                  Työalueiden liikennehaittaindeksien yhteenveto (0-5)
                </h2>
              </div>
              <svg
                aria-hidden="true"
                aria-label="angle-up"
                class="Icon-module_icon__1Jtzj icon_hds-icon__1YqNC Icon-module_s__2WGWe icon_hds-icon--size-s__2Lkik"
                role="img"
                viewBox="0 0 24 24"
                xmlns="http://www.w3.org/2000/svg"
              >
                <path
                  clip-rule="evenodd"
                  d="M12 11.5L17 16.5L18.5 15L12 8.5L5.5 15L7 16.5L12 11.5Z"
                  fill="currentColor"
                  fill-rule="evenodd"
                />
              </svg>
            </button>
          </div>
          <div>
            <div
              class="css-d9qych"
            >
              <div
                class="css-usczae"
              >
                <p
                  class="heading-xs"
                >
                  <strong>
                    Pyöräliikenteen merkittävyys
                  </strong>
                </p>
                <div
                  class="css-dvxtzn"
                >
                  <p
                    class="css-oam3q0"
                  >
                    Haittaindeksi
                  </p>
                  <div
                    class="css-14im42r"
                  >
                    <div
                      class="css-chgbhg"
                    >
                      <div
                        class="css-18l5o14"
                        data-testid="test-pyoraliikenneindeksi"
                      >
                        <span
                          class="css-idkz9h"
                        >
                          Aluekohtainen haittaindeksi (0–5)
                        </span>
                        3
                      </div>
                      <div
                        aria-hidden="true"
                      />
                    </div>
                    <div>
                      <div
                        class="Tooltip-module_root__1Yo9t"
                      >
                        <button
                          aria-expanded="false"
                          aria-label="Tooltip"
                          class="Tooltip-module_button__2x9m0"
                          title="Tooltip"
                          type="button"
                        >
                          <span
                            aria-hidden="true"
                          >
                            <svg
                              aria-hidden="true"
                              aria-label="question-circle"
                              class="Icon-module_icon__1Jtzj icon_hds-icon__1YqNC Icon-module_s__2WGWe icon_hds-icon--size-s__2Lkik"
                              role="img"
                              viewBox="0 0 24 24"
                              xmlns="http://www.w3.org/2000/svg"
                            >
                              <path
                                clip-rule="evenodd"
                                d="M12 2C17.5228 2 22 6.47715 22 12C22 17.5228 17.5228 22 12 22C6.47715 22 2 17.5228 2 12C2 6.47715 6.47715 2 12 2ZM12 4C7.58172 4 4 7.58172 4 12C4 16.4183 7.58172 20 12 20C16.4183 20 20 16.4183 20 12C20 7.58172 16.4183 4 12 4ZM13 16V18H11V16H13ZM12.0437 5.75C14.0343 5.75 15.7173 7.29464 15.7173 9.42361C15.7173 10.7806 15.2461 11.489 14.161 12.306L13.9187 12.4844C13.1753 13.0295 12.9556 13.3359 12.9386 14.142L12.9375 14.25H10.9375C10.9375 12.6746 11.4591 11.8378 12.6143 10.9622L12.8618 10.7796C13.5685 10.2628 13.7173 10.0539 13.7173 9.42361C13.7173 8.43934 12.9662 7.75 12.0437 7.75C11.1907 7.75 10.4785 8.34077 10.3816 9.20835L10.3734 9.30587L8.37663 9.19182C8.49191 7.17347 10.1344 5.75 12.0437 5.75Z"
                                fill="currentColor"
                                fill-rule="evenodd"
                              />
                            </svg>
                          </span>
                        </button>
                      </div>
                    </div>
                  </div>
                </div>
              </div>
            </div>
            <div>
              <div
                aria-expanded="false"
                class="css-50joc8"
              >
                <button
                  class="css-12ax0h3"
                  type="button"
                >
                  <div
                    class="css-usczae"
                  >
                    <h2
                      class="heading-xs css-1eif5ff"
                    >
                      <strong>
                        Autoliikenteen ruuhkautuminen
                      </strong>
                    </h2>
                    <div
                      class="css-dvxtzn"
                    >
                      <p
                        class="css-oam3q0"
                      >
                        Haittaindeksi
                      </p>
                      <div
                        class="css-14im42r"
                      >
                        <div
                          class="css-chgbhg"
                        >
                          <div
                            class="css-18l5o14"
                            data-testid="test-autoliikenneindeksi"
                          >
                            <span
                              class="css-idkz9h"
                            >
                              Aluekohtainen haittaindeksi (0–5)
                            </span>
                            3
                          </div>
                          <div
                            aria-hidden="true"
                          />
                        </div>
                        <div>
                          <div
                            class="Tooltip-module_root__1Yo9t"
                          >
                            <button
                              aria-expanded="false"
                              aria-label="Tooltip"
                              class="Tooltip-module_button__2x9m0"
                              title="Tooltip"
                              type="button"
                            >
                              <span
                                aria-hidden="true"
                              >
                                <svg
                                  aria-hidden="true"
                                  aria-label="question-circle"
                                  class="Icon-module_icon__1Jtzj icon_hds-icon__1YqNC Icon-module_s__2WGWe icon_hds-icon--size-s__2Lkik"
                                  role="img"
                                  viewBox="0 0 24 24"
                                  xmlns="http://www.w3.org/2000/svg"
                                >
                                  <path
                                    clip-rule="evenodd"
                                    d="M12 2C17.5228 2 22 6.47715 22 12C22 17.5228 17.5228 22 12 22C6.47715 22 2 17.5228 2 12C2 6.47715 6.47715 2 12 2ZM12 4C7.58172 4 4 7.58172 4 12C4 16.4183 7.58172 20 12 20C16.4183 20 20 16.4183 20 12C20 7.58172 16.4183 4 12 4ZM13 16V18H11V16H13ZM12.0437 5.75C14.0343 5.75 15.7173 7.29464 15.7173 9.42361C15.7173 10.7806 15.2461 11.489 14.161 12.306L13.9187 12.4844C13.1753 13.0295 12.9556 13.3359 12.9386 14.142L12.9375 14.25H10.9375C10.9375 12.6746 11.4591 11.8378 12.6143 10.9622L12.8618 10.7796C13.5685 10.2628 13.7173 10.0539 13.7173 9.42361C13.7173 8.43934 12.9662 7.75 12.0437 7.75C11.1907 7.75 10.4785 8.34077 10.3816 9.20835L10.3734 9.30587L8.37663 9.19182C8.49191 7.17347 10.1344 5.75 12.0437 5.75Z"
                                    fill="currentColor"
                                    fill-rule="evenodd"
                                  />
                                </svg>
                              </span>
                            </button>
                          </div>
                        </div>
                      </div>
                    </div>
                  </div>
                  <svg
                    aria-hidden="true"
                    aria-label="angle-down"
                    class="Icon-module_icon__1Jtzj icon_hds-icon__1YqNC Icon-module_s__2WGWe icon_hds-icon--size-s__2Lkik"
                    role="img"
                    viewBox="0 0 24 24"
                    xmlns="http://www.w3.org/2000/svg"
                  >
                    <path
                      clip-rule="evenodd"
                      d="M12 13.5L17 8.5L18.5 10L12 16.5L5.5 10L7 8.5L12 13.5Z"
                      fill="currentColor"
                      fill-rule="evenodd"
                    />
                  </svg>
                </button>
              </div>
              <div
                style="display: none;"
              >
                <div
                  class="css-1yex3e7"
                >
                  <div
                    class="css-usczae"
                  >
                    <p
                      class="css-0"
                    >
                      Katuluokka
                    </p>
                    <div
                      class="css-dvxtzn"
                    >
                      <div
                        class="css-14im42r"
                      >
                        <div
                          class="css-chgbhg"
                        >
                          <div
                            class="css-18l5o14"
                            data-testid="test-katuluokka"
                          >
                            <span
                              class="css-idkz9h"
                            >
                              Aluekohtainen haittaindeksi (0–5)
                            </span>
                            3
                          </div>
                          <div
                            aria-hidden="true"
                          />
                        </div>
                        <div>
                          <div
                            class="Tooltip-module_root__1Yo9t"
                          >
                            <button
                              aria-expanded="false"
                              aria-label="Tooltip"
                              class="Tooltip-module_button__2x9m0"
                              title="Tooltip"
                              type="button"
                            >
                              <span
                                aria-hidden="true"
                              >
                                <svg
                                  aria-hidden="true"
                                  aria-label="question-circle"
                                  class="Icon-module_icon__1Jtzj icon_hds-icon__1YqNC Icon-module_s__2WGWe icon_hds-icon--size-s__2Lkik"
                                  role="img"
                                  viewBox="0 0 24 24"
                                  xmlns="http://www.w3.org/2000/svg"
                                >
                                  <path
                                    clip-rule="evenodd"
                                    d="M12 2C17.5228 2 22 6.47715 22 12C22 17.5228 17.5228 22 12 22C6.47715 22 2 17.5228 2 12C2 6.47715 6.47715 2 12 2ZM12 4C7.58172 4 4 7.58172 4 12C4 16.4183 7.58172 20 12 20C16.4183 20 20 16.4183 20 12C20 7.58172 16.4183 4 12 4ZM13 16V18H11V16H13ZM12.0437 5.75C14.0343 5.75 15.7173 7.29464 15.7173 9.42361C15.7173 10.7806 15.2461 11.489 14.161 12.306L13.9187 12.4844C13.1753 13.0295 12.9556 13.3359 12.9386 14.142L12.9375 14.25H10.9375C10.9375 12.6746 11.4591 11.8378 12.6143 10.9622L12.8618 10.7796C13.5685 10.2628 13.7173 10.0539 13.7173 9.42361C13.7173 8.43934 12.9662 7.75 12.0437 7.75C11.1907 7.75 10.4785 8.34077 10.3816 9.20835L10.3734 9.30587L8.37663 9.19182C8.49191 7.17347 10.1344 5.75 12.0437 5.75Z"
                                    fill="currentColor"
                                    fill-rule="evenodd"
                                  />
                                </svg>
                              </span>
                            </button>
                          </div>
                        </div>
                      </div>
                    </div>
                  </div>
                </div>
                <div
                  class="css-1yex3e7"
                >
                  <div
                    class="css-usczae"
                  >
                    <p
                      class="css-0"
                    >
                      Autoliikenteen määrä
                    </p>
                    <div
                      class="css-dvxtzn"
                    >
                      <div
                        class="css-14im42r"
                      >
                        <div
                          class="css-chgbhg"
                        >
                          <div
                            class="css-18l5o14"
                            data-testid="test-liikennemaara"
                          >
                            <span
                              class="css-idkz9h"
                            >
                              Aluekohtainen haittaindeksi (0–5)
                            </span>
                            3
                          </div>
                          <div
                            aria-hidden="true"
                          />
                        </div>
                        <div>
                          <div
                            class="Tooltip-module_root__1Yo9t"
                          >
                            <button
                              aria-expanded="false"
                              aria-label="Tooltip"
                              class="Tooltip-module_button__2x9m0"
                              title="Tooltip"
                              type="button"
                            >
                              <span
                                aria-hidden="true"
                              >
                                <svg
                                  aria-hidden="true"
                                  aria-label="question-circle"
                                  class="Icon-module_icon__1Jtzj icon_hds-icon__1YqNC Icon-module_s__2WGWe icon_hds-icon--size-s__2Lkik"
                                  role="img"
                                  viewBox="0 0 24 24"
                                  xmlns="http://www.w3.org/2000/svg"
                                >
                                  <path
                                    clip-rule="evenodd"
                                    d="M12 2C17.5228 2 22 6.47715 22 12C22 17.5228 17.5228 22 12 22C6.47715 22 2 17.5228 2 12C2 6.47715 6.47715 2 12 2ZM12 4C7.58172 4 4 7.58172 4 12C4 16.4183 7.58172 20 12 20C16.4183 20 20 16.4183 20 12C20 7.58172 16.4183 4 12 4ZM13 16V18H11V16H13ZM12.0437 5.75C14.0343 5.75 15.7173 7.29464 15.7173 9.42361C15.7173 10.7806 15.2461 11.489 14.161 12.306L13.9187 12.4844C13.1753 13.0295 12.9556 13.3359 12.9386 14.142L12.9375 14.25H10.9375C10.9375 12.6746 11.4591 11.8378 12.6143 10.9622L12.8618 10.7796C13.5685 10.2628 13.7173 10.0539 13.7173 9.42361C13.7173 8.43934 12.9662 7.75 12.0437 7.75C11.1907 7.75 10.4785 8.34077 10.3816 9.20835L10.3734 9.30587L8.37663 9.19182C8.49191 7.17347 10.1344 5.75 12.0437 5.75Z"
                                    fill="currentColor"
                                    fill-rule="evenodd"
                                  />
                                </svg>
                              </span>
                            </button>
                          </div>
                        </div>
                      </div>
                    </div>
                  </div>
                </div>
                <div
                  class="css-1yex3e7"
                >
                  <div
                    class="css-usczae"
                  >
                    <p
                      class="css-0"
                    >
                      Vaikutus autoliikenteen kaistamääriin
                    </p>
                    <div
                      class="css-dvxtzn"
                    >
                      <div
                        class="css-14im42r"
                      >
                        <div
                          class="css-chgbhg"
                        >
                          <div
                            class="css-18l5o14"
                            data-testid="test-kaistahaitta"
                          >
                            <span
                              class="css-idkz9h"
                            >
                              Aluekohtainen haittaindeksi (0–5)
                            </span>
                            3
                          </div>
                          <div
                            aria-hidden="true"
                          />
                        </div>
                        <div>
                          <div
                            class="Tooltip-module_root__1Yo9t"
                          >
                            <button
                              aria-expanded="false"
                              aria-label="Tooltip"
                              class="Tooltip-module_button__2x9m0"
                              title="Tooltip"
                              type="button"
                            >
                              <span
                                aria-hidden="true"
                              >
                                <svg
                                  aria-hidden="true"
                                  aria-label="question-circle"
                                  class="Icon-module_icon__1Jtzj icon_hds-icon__1YqNC Icon-module_s__2WGWe icon_hds-icon--size-s__2Lkik"
                                  role="img"
                                  viewBox="0 0 24 24"
                                  xmlns="http://www.w3.org/2000/svg"
                                >
                                  <path
                                    clip-rule="evenodd"
                                    d="M12 2C17.5228 2 22 6.47715 22 12C22 17.5228 17.5228 22 12 22C6.47715 22 2 17.5228 2 12C2 6.47715 6.47715 2 12 2ZM12 4C7.58172 4 4 7.58172 4 12C4 16.4183 7.58172 20 12 20C16.4183 20 20 16.4183 20 12C20 7.58172 16.4183 4 12 4ZM13 16V18H11V16H13ZM12.0437 5.75C14.0343 5.75 15.7173 7.29464 15.7173 9.42361C15.7173 10.7806 15.2461 11.489 14.161 12.306L13.9187 12.4844C13.1753 13.0295 12.9556 13.3359 12.9386 14.142L12.9375 14.25H10.9375C10.9375 12.6746 11.4591 11.8378 12.6143 10.9622L12.8618 10.7796C13.5685 10.2628 13.7173 10.0539 13.7173 9.42361C13.7173 8.43934 12.9662 7.75 12.0437 7.75C11.1907 7.75 10.4785 8.34077 10.3816 9.20835L10.3734 9.30587L8.37663 9.19182C8.49191 7.17347 10.1344 5.75 12.0437 5.75Z"
                                    fill="currentColor"
                                    fill-rule="evenodd"
                                  />
                                </svg>
                              </span>
                            </button>
                          </div>
                        </div>
                      </div>
                    </div>
                  </div>
                </div>
                <div
                  class="css-1yex3e7"
                >
                  <div
                    class="css-usczae"
                  >
                    <p
                      class="css-0"
                    >
                      Autoliikenteen kaistavaikutusten pituus
                    </p>
                    <div
                      class="css-dvxtzn"
                    >
                      <div
                        class="css-14im42r"
                      >
                        <div
                          class="css-chgbhg"
                        >
                          <div
                            class="css-18l5o14"
                            data-testid="test-kaistapituushaitta"
                          >
                            <span
                              class="css-idkz9h"
                            >
                              Aluekohtainen haittaindeksi (0–5)
                            </span>
                            3
                          </div>
                          <div
                            aria-hidden="true"
                          />
                        </div>
                        <div>
                          <div
                            class="Tooltip-module_root__1Yo9t"
                          >
                            <button
                              aria-expanded="false"
                              aria-label="Tooltip"
                              class="Tooltip-module_button__2x9m0"
                              title="Tooltip"
                              type="button"
                            >
                              <span
                                aria-hidden="true"
                              >
                                <svg
                                  aria-hidden="true"
                                  aria-label="question-circle"
                                  class="Icon-module_icon__1Jtzj icon_hds-icon__1YqNC Icon-module_s__2WGWe icon_hds-icon--size-s__2Lkik"
                                  role="img"
                                  viewBox="0 0 24 24"
                                  xmlns="http://www.w3.org/2000/svg"
                                >
                                  <path
                                    clip-rule="evenodd"
                                    d="M12 2C17.5228 2 22 6.47715 22 12C22 17.5228 17.5228 22 12 22C6.47715 22 2 17.5228 2 12C2 6.47715 6.47715 2 12 2ZM12 4C7.58172 4 4 7.58172 4 12C4 16.4183 7.58172 20 12 20C16.4183 20 20 16.4183 20 12C20 7.58172 16.4183 4 12 4ZM13 16V18H11V16H13ZM12.0437 5.75C14.0343 5.75 15.7173 7.29464 15.7173 9.42361C15.7173 10.7806 15.2461 11.489 14.161 12.306L13.9187 12.4844C13.1753 13.0295 12.9556 13.3359 12.9386 14.142L12.9375 14.25H10.9375C10.9375 12.6746 11.4591 11.8378 12.6143 10.9622L12.8618 10.7796C13.5685 10.2628 13.7173 10.0539 13.7173 9.42361C13.7173 8.43934 12.9662 7.75 12.0437 7.75C11.1907 7.75 10.4785 8.34077 10.3816 9.20835L10.3734 9.30587L8.37663 9.19182C8.49191 7.17347 10.1344 5.75 12.0437 5.75Z"
                                    fill="currentColor"
                                    fill-rule="evenodd"
                                  />
                                </svg>
                              </span>
                            </button>
                          </div>
                        </div>
                      </div>
                    </div>
                  </div>
                </div>
                <div
                  class="css-1yex3e7"
                >
                  <div
                    class="css-usczae"
                  >
                    <p
                      class="css-0"
                    >
                      Hankkeen kesto
                    </p>
                    <div
                      class="css-dvxtzn"
                    >
                      <div
                        class="css-14im42r"
                      >
                        <div
                          class="css-chgbhg"
                        >
                          <div
                            class="css-18l5o14"
                            data-testid="test-haitanKesto"
                          >
                            <span
                              class="css-idkz9h"
                            >
                              Aluekohtainen haittaindeksi (0–5)
                            </span>
                            3
                          </div>
                          <div
                            aria-hidden="true"
                          />
                        </div>
                        <div>
                          <div
                            class="Tooltip-module_root__1Yo9t"
                          >
                            <button
                              aria-expanded="false"
                              aria-label="Tooltip"
                              class="Tooltip-module_button__2x9m0"
                              title="Tooltip"
                              type="button"
                            >
                              <span
                                aria-hidden="true"
                              >
                                <svg
                                  aria-hidden="true"
                                  aria-label="question-circle"
                                  class="Icon-module_icon__1Jtzj icon_hds-icon__1YqNC Icon-module_s__2WGWe icon_hds-icon--size-s__2Lkik"
                                  role="img"
                                  viewBox="0 0 24 24"
                                  xmlns="http://www.w3.org/2000/svg"
                                >
                                  <path
                                    clip-rule="evenodd"
                                    d="M12 2C17.5228 2 22 6.47715 22 12C22 17.5228 17.5228 22 12 22C6.47715 22 2 17.5228 2 12C2 6.47715 6.47715 2 12 2ZM12 4C7.58172 4 4 7.58172 4 12C4 16.4183 7.58172 20 12 20C16.4183 20 20 16.4183 20 12C20 7.58172 16.4183 4 12 4ZM13 16V18H11V16H13ZM12.0437 5.75C14.0343 5.75 15.7173 7.29464 15.7173 9.42361C15.7173 10.7806 15.2461 11.489 14.161 12.306L13.9187 12.4844C13.1753 13.0295 12.9556 13.3359 12.9386 14.142L12.9375 14.25H10.9375C10.9375 12.6746 11.4591 11.8378 12.6143 10.9622L12.8618 10.7796C13.5685 10.2628 13.7173 10.0539 13.7173 9.42361C13.7173 8.43934 12.9662 7.75 12.0437 7.75C11.1907 7.75 10.4785 8.34077 10.3816 9.20835L10.3734 9.30587L8.37663 9.19182C8.49191 7.17347 10.1344 5.75 12.0437 5.75Z"
                                    fill="currentColor"
                                    fill-rule="evenodd"
                                  />
                                </svg>
                              </span>
                            </button>
                          </div>
                        </div>
                      </div>
                    </div>
                  </div>
                </div>
              </div>
            </div>
            <div
              class="css-d9qych"
            >
              <div
                class="css-usczae"
              >
                <p
                  class="heading-xs"
                >
                  <strong>
                    Joukkoliikenteen merkittävyys: Linja-autojen paikallisliikenne
                  </strong>
                </p>
                <div
                  class="css-dvxtzn"
                >
                  <p
                    class="css-oam3q0"
                  >
                    Haittaindeksi
                  </p>
                  <div
                    class="css-14im42r"
                  >
                    <div
                      class="css-chgbhg"
                    >
                      <div
                        class="css-1lgllzm"
                        data-testid="test-linjaautoliikenneindeksi"
                      >
                        <span
                          class="css-idkz9h"
                        >
                          Aluekohtainen haittaindeksi (0–5)
                        </span>
                        4
                      </div>
                      <div
                        aria-hidden="true"
                      />
                    </div>
                    <div>
                      <div
                        class="Tooltip-module_root__1Yo9t"
                      >
                        <button
                          aria-expanded="false"
                          aria-label="Tooltip"
                          class="Tooltip-module_button__2x9m0"
                          title="Tooltip"
                          type="button"
                        >
                          <span
                            aria-hidden="true"
                          >
                            <svg
                              aria-hidden="true"
                              aria-label="question-circle"
                              class="Icon-module_icon__1Jtzj icon_hds-icon__1YqNC Icon-module_s__2WGWe icon_hds-icon--size-s__2Lkik"
                              role="img"
                              viewBox="0 0 24 24"
                              xmlns="http://www.w3.org/2000/svg"
                            >
                              <path
                                clip-rule="evenodd"
                                d="M12 2C17.5228 2 22 6.47715 22 12C22 17.5228 17.5228 22 12 22C6.47715 22 2 17.5228 2 12C2 6.47715 6.47715 2 12 2ZM12 4C7.58172 4 4 7.58172 4 12C4 16.4183 7.58172 20 12 20C16.4183 20 20 16.4183 20 12C20 7.58172 16.4183 4 12 4ZM13 16V18H11V16H13ZM12.0437 5.75C14.0343 5.75 15.7173 7.29464 15.7173 9.42361C15.7173 10.7806 15.2461 11.489 14.161 12.306L13.9187 12.4844C13.1753 13.0295 12.9556 13.3359 12.9386 14.142L12.9375 14.25H10.9375C10.9375 12.6746 11.4591 11.8378 12.6143 10.9622L12.8618 10.7796C13.5685 10.2628 13.7173 10.0539 13.7173 9.42361C13.7173 8.43934 12.9662 7.75 12.0437 7.75C11.1907 7.75 10.4785 8.34077 10.3816 9.20835L10.3734 9.30587L8.37663 9.19182C8.49191 7.17347 10.1344 5.75 12.0437 5.75Z"
                                fill="currentColor"
                                fill-rule="evenodd"
                              />
                            </svg>
                          </span>
                        </button>
                      </div>
                    </div>
                  </div>
                </div>
              </div>
            </div>
            <div
              class="css-d9qych"
            >
              <div
                class="css-usczae"
              >
                <p
                  class="heading-xs"
                >
                  <strong>
                    Joukkoliikenteen merkittävyys: Raitioliikenne
                  </strong>
                </p>
                <div
                  class="css-dvxtzn"
                >
                  <p
                    class="css-oam3q0"
                  >
                    Haittaindeksi
                  </p>
                  <div
                    class="css-14im42r"
                  >
                    <div
                      class="css-chgbhg"
                    >
                      <div
                        class="css-1lgllzm"
                        data-testid="test-raitioliikenneindeksi"
                      >
                        <span
                          class="css-idkz9h"
                        >
                          Aluekohtainen haittaindeksi (0–5)
                        </span>
                        5
                      </div>
                      <div
                        aria-hidden="true"
                      />
                    </div>
                    <div>
                      <div
                        class="Tooltip-module_root__1Yo9t"
                      >
                        <button
                          aria-expanded="false"
                          aria-label="Tooltip"
                          class="Tooltip-module_button__2x9m0"
                          title="Tooltip"
                          type="button"
                        >
                          <span
                            aria-hidden="true"
                          >
                            <svg
                              aria-hidden="true"
                              aria-label="question-circle"
                              class="Icon-module_icon__1Jtzj icon_hds-icon__1YqNC Icon-module_s__2WGWe icon_hds-icon--size-s__2Lkik"
                              role="img"
                              viewBox="0 0 24 24"
                              xmlns="http://www.w3.org/2000/svg"
                            >
                              <path
                                clip-rule="evenodd"
                                d="M12 2C17.5228 2 22 6.47715 22 12C22 17.5228 17.5228 22 12 22C6.47715 22 2 17.5228 2 12C2 6.47715 6.47715 2 12 2ZM12 4C7.58172 4 4 7.58172 4 12C4 16.4183 7.58172 20 12 20C16.4183 20 20 16.4183 20 12C20 7.58172 16.4183 4 12 4ZM13 16V18H11V16H13ZM12.0437 5.75C14.0343 5.75 15.7173 7.29464 15.7173 9.42361C15.7173 10.7806 15.2461 11.489 14.161 12.306L13.9187 12.4844C13.1753 13.0295 12.9556 13.3359 12.9386 14.142L12.9375 14.25H10.9375C10.9375 12.6746 11.4591 11.8378 12.6143 10.9622L12.8618 10.7796C13.5685 10.2628 13.7173 10.0539 13.7173 9.42361C13.7173 8.43934 12.9662 7.75 12.0437 7.75C11.1907 7.75 10.4785 8.34077 10.3816 9.20835L10.3734 9.30587L8.37663 9.19182C8.49191 7.17347 10.1344 5.75 12.0437 5.75Z"
                                fill="currentColor"
                                fill-rule="evenodd"
                              />
                            </svg>
                          </span>
                        </button>
                      </div>
                    </div>
                  </div>
                </div>
              </div>
            </div>
          </div>
        </div>
      </div>
      <h2
        class="heading-xxs css-10gloxo"
      >
        Työalueiden omat haittamäärittelyt
      </h2>
      <section
        class="container"
      >
        <div
          class="css-1n4r6v8"
        >
          <h3
            class="text--bold text--body-m"
          >
            Meluhaitta
          </h3>
        </div>
        <div
          class="css-1qvxyxw"
        >
          3: Toistuva meluhaitta
        </div>
        <div
          class="css-1n4r6v8"
        >
          <h3
            class="text--bold text--body-m"
          >
            Pölyhaitta
          </h3>
        </div>
        <div
          class="css-1qvxyxw"
        >
          5: Jatkuva pölyhaitta
        </div>
        <div
          class="css-1n4r6v8"
        >
          <h3
            class="text--bold text--body-m"
          >
            Tärinähaitta
          </h3>
        </div>
        <div
          class="css-1qvxyxw"
        >
          1: Satunnainen tärinähaitta
        </div>
        <div
          class="css-1n4r6v8"
        >
          <h3
            class="text--bold text--body-m"
          >
            Autoliikenteen kaistahaitta
          </h3>
        </div>
        <div
          class="css-1qvxyxw"
        >
          Vähentää kaistan yhdellä ajosuunnalla
        </div>
        <div
          class="css-1n4r6v8"
        >
          <h3
            class="text--bold text--body-m"
          >
            Kaistahaittojen pituus
          </h3>
        </div>
        <div
          class="css-1qvxyxw"
        >
          10-99 m
        </div>
        <div
          class="css-1n4r6v8"
        >
          <h3
            class="text--bold text--body-m"
          >
            Lisätietoja alueesta
          </h3>
        </div>
        <div
          class="css-1qvxyxw"
        >
          -
        </div>
      </section>
      <button
        aria-label="Sulje Hankealue 2"
        class="Button-module_button__1msFE button_hds-button__2A0je Button-module_supplementary__3YKiS button_hds-button--supplementary__GcHcV Button-module_theme-black__m8giY button_hds-button--theme-black__3K_k4 Button-module_size-small__3lizH button_hds-button--small__2NFef Accordion-module_closeButton__1Qt8U"
        data-testid="accordion-30-closeButton"
        type="button"
      >
        <span
          class="Button-module_label__a4np1 button_hds-button__label__2EQa-"
        >
          Sulje
        </span>
        <div
          aria-hidden="true"
          class="Button-module_icon__O-h7R button_hds-icon__17j8Z"
        >
          <svg
            aria-hidden="true"
            aria-label="angle-up"
            class="Icon-module_icon__1Jtzj icon_hds-icon__1YqNC Icon-module_xs__3kAOj icon_hds-icon--size-xs__3dAMZ Accordion-module_accordionButtonIcon__MQu2J"
            role="img"
            viewBox="0 0 24 24"
            xmlns="http://www.w3.org/2000/svg"
          >
            <path
              clip-rule="evenodd"
              d="M12 11.5L17 16.5L18.5 15L12 8.5L5.5 15L7 16.5L12 11.5Z"
              fill="currentColor"
              fill-rule="evenodd"
            />
          </svg>
        </div>
      </button>
    </div>
  </div>
</div>
`;
