// Jest Snapshot v1, https://goo.gl/fbAQLP

exports[`HankePortfolio Should match snapshot 1`] = `
Object {
  "asFragment": [Function],
  "baseElement": <body>
    <div
      id="chakra-toast-portal"
    >
      <ul
        id="chakra-toast-manager-top"
        style="position: fixed; z-index: 5500; pointer-events: none; display: flex; flex-direction: column; margin: 0px auto; top: 0px; right: 0px; left: 0px;"
      />
      <ul
        id="chakra-toast-manager-top-left"
        style="position: fixed; z-index: 5500; pointer-events: none; display: flex; flex-direction: column; top: 0px; left: 0px;"
      />
      <ul
        id="chakra-toast-manager-top-right"
        style="position: fixed; z-index: 5500; pointer-events: none; display: flex; flex-direction: column; top: 0px; right: 0px;"
      />
      <ul
        id="chakra-toast-manager-bottom-left"
        style="position: fixed; z-index: 5500; pointer-events: none; display: flex; flex-direction: column; bottom: 0px; left: 0px;"
      />
      <ul
        id="chakra-toast-manager-bottom"
        style="position: fixed; z-index: 5500; pointer-events: none; display: flex; flex-direction: column; margin: 0px auto; bottom: 0px; right: 0px; left: 0px;"
      />
      <ul
        id="chakra-toast-manager-bottom-right"
        style="position: fixed; z-index: 5500; pointer-events: none; display: flex; flex-direction: column; bottom: 0px; right: 0px;"
      />
    </div>
    <div>
      <div
        class="hankesalkkuContainer"
      >
        <div>
          <h1
            class="text--bold text--h2 text--spacing-s"
            data-testid="HankePortfolioPageHeader"
          >
            Hankesalkku
          </h1>
          <div
            class="contentContainer"
          >
            <fieldset
              class="Fieldset-module_fieldset__2OtST fieldset_hds-fieldset__2FPi3 fieldset_hds-fieldset--border__3aSAk"
            >
              <legend
                class="Fieldset-module_legend__35Acm fieldset_hds-fieldset-legend__2-X6z"
              >
                Rajausehdot
              </legend>
              <div
                class="TextInput-module_root__2CMNr text-input_hds-text-input__2LODq"
              >
                <label
                  class="FieldLabel-module_label__1zrXK "
                  for="searchHanke"
                >
                  Haku
                </label>
                <div
                  class="TextInput-module_inputWrapper__3Rvel text-input_hds-text-input__input-wrapper__1OqYG"
                >
                  <input
                    aria-describedby="searchHanke-helper"
                    class="TextInput-module_input__1BlHi text-input_hds-text-input__input__GJm5C"
                    id="searchHanke"
                    type="text"
                    value=""
                  />
                </div>
                <div
                  class="TextInput-module_helperText__2dLR6 text-input_hds-text-input__helper-text__3V2KM"
                  id="searchHanke-helper"
                >
                  Hae hankkeen nimellä tai tunnuksella
                </div>
              </div>
              <div>
                <div
                  class="datePicker"
                >
                  <div
                    class="css-dmul6t"
                  >
                    <div
                      class="css-1pip4vl"
                    >
                      <div>
                        <label
                          class="label"
                          for="startPicker"
                        >
                          Ajanjakson alku
                        </label>
                        <div
                          class="dateWpr"
                        >
                          <div
                            class="react-datepicker-wrapper"
                          >
                            <div
                              class="react-datepicker__input-container"
                            >
                              <input
                                class=""
                                id="startPicker"
                                type="text"
                                value=""
                              />
                            </div>
                          </div>
                        </div>
                      </div>
                    </div>
                    <div
                      aria-hidden="true"
                      class="dateHyphen css-zd4of5"
                    >
                      <p>
                        -
                      </p>
                    </div>
                    <div
                      class="css-1pip4vl"
                    >
                      <div>
                        <label
                          class="label"
                          for="endPicker"
                        >
                          Ajanjakson loppu
                        </label>
                        <div
                          class="dateWpr"
                        >
                          <div
                            class="react-datepicker-wrapper"
                          >
                            <div
                              class="react-datepicker__input-container"
                            >
                              <input
                                class="reactDatepicker"
                                id="endPicker"
                                type="text"
                                value=""
                              />
                            </div>
                          </div>
                        </div>
                      </div>
                    </div>
                  </div>
                </div>
              </div>
              <div
                class="Select-module_root__Ka5uO Select-module_multiselect__fxewG"
              >
                <label
                  class="FieldLabel-module_label__1zrXK "
                  for="hds-select-1-toggle-button"
                  id="hds-select-1-label"
                >
                  Hankevaiheet
                </label>
                <div
                  class="Select-module_wrapper__1WQXs"
                >
                  <div
                    class="SelectedItems-module_selectedItems__2m24K SelectedItems-module_itemsHidden__2ewH3"
                  >
                    <div
                      class="Tag-module_tag__3bo5S SelectedItems-module_tag__13n3H SelectedItems-module_hidden__2hyRx"
                      id="hds-tag-10"
                      role="link"
                      tabindex="0"
                    >
                      <span
                        aria-labelledby="hds-select-6-label hds-tag-10-label"
                        class="Tag-module_label__zCgFr"
                        id="hds-tag-10-label"
                      >
                        <span
                          aria-hidden="false"
                        >
                          Ohjelmointi
                        </span>
                      </span>
                      <button
                        aria-label="Remove $Ohjelmointi"
                        class="Tag-module_deleteButton__1diMR"
                        id="hds-tag-10-delete-button"
                        tabindex="-1"
                        type="button"
                      >
                        <svg
                          aria-hidden="true"
                          class="Icon-module_icon__1Jtzj icon_hds-icon__1YqNC Icon-module_s__2WGWe icon_hds-icon--size-s__2Lkik"
                          role="img"
                          viewBox="0 0 24 24"
                          xmlns="http://www.w3.org/2000/svg"
                        >
                          <g
                            fill="none"
                            fill-rule="evenodd"
                          >
                            <rect
                              height="24"
                              width="24"
                            />
                            <polygon
                              fill="currentColor"
                              points="18 7.5 13.5 12 18 16.5 16.5 18 12 13.5 7.5 18 6 16.5 10.5 12 6 7.5 7.5 6 12 10.5 16.5 6"
                            />
                          </g>
                        </svg>
                      </button>
                    </div>
                    <div
                      class="Tag-module_tag__3bo5S SelectedItems-module_tag__13n3H SelectedItems-module_hidden__2hyRx"
                      id="hds-tag-11"
                      role="link"
                      tabindex="-1"
                    >
                      <span
                        aria-labelledby="hds-select-6-label hds-tag-11-label"
                        class="Tag-module_label__zCgFr"
                        id="hds-tag-11-label"
                      >
                        <span
                          aria-hidden="false"
                        >
                          Suunnittelu
                        </span>
                      </span>
                      <button
                        aria-label="Remove $Suunnittelu"
                        class="Tag-module_deleteButton__1diMR"
                        id="hds-tag-11-delete-button"
                        tabindex="-1"
                        type="button"
                      >
                        <svg
                          aria-hidden="true"
                          class="Icon-module_icon__1Jtzj icon_hds-icon__1YqNC Icon-module_s__2WGWe icon_hds-icon--size-s__2Lkik"
                          role="img"
                          viewBox="0 0 24 24"
                          xmlns="http://www.w3.org/2000/svg"
                        >
                          <g
                            fill="none"
                            fill-rule="evenodd"
                          >
                            <rect
                              height="24"
                              width="24"
                            />
                            <polygon
                              fill="currentColor"
                              points="18 7.5 13.5 12 18 16.5 16.5 18 12 13.5 7.5 18 6 16.5 10.5 12 6 7.5 7.5 6 12 10.5 16.5 6"
                            />
                          </g>
                        </svg>
                      </button>
                    </div>
                    <div
                      class="Tag-module_tag__3bo5S SelectedItems-module_tag__13n3H SelectedItems-module_hidden__2hyRx"
                      id="hds-tag-12"
                      role="link"
                      tabindex="-1"
                    >
                      <span
                        aria-labelledby="hds-select-6-label hds-tag-12-label"
                        class="Tag-module_label__zCgFr"
                        id="hds-tag-12-label"
                      >
                        <span
                          aria-hidden="false"
                        >
                          Rakentaminen
                        </span>
                      </span>
                      <button
                        aria-label="Remove $Rakentaminen"
                        class="Tag-module_deleteButton__1diMR"
                        id="hds-tag-12-delete-button"
                        tabindex="-1"
                        type="button"
                      >
                        <svg
                          aria-hidden="true"
                          class="Icon-module_icon__1Jtzj icon_hds-icon__1YqNC Icon-module_s__2WGWe icon_hds-icon--size-s__2Lkik"
                          role="img"
                          viewBox="0 0 24 24"
                          xmlns="http://www.w3.org/2000/svg"
                        >
                          <g
                            fill="none"
                            fill-rule="evenodd"
                          >
                            <rect
                              height="24"
                              width="24"
                            />
                            <polygon
                              fill="currentColor"
                              points="18 7.5 13.5 12 18 16.5 16.5 18 12 13.5 7.5 18 6 16.5 10.5 12 6 7.5 7.5 6 12 10.5 16.5 6"
                            />
                          </g>
                        </svg>
                      </button>
                    </div>
                    <span
                      class="SelectedItems-module_hiddenItemsCount__3MAEc"
                    >
                      +
                      3
                    </span>
                  </div>
                  <button
                    aria-label="Clear all selections"
                    class="SelectedItems-module_clearButton__35tnp"
                    type="button"
                  >
                    <svg
                      class="Icon-module_icon__1Jtzj icon_hds-icon__1YqNC Icon-module_s__2WGWe icon_hds-icon--size-s__2Lkik"
                      role="img"
                      viewBox="0 0 24 24"
                      xmlns="http://www.w3.org/2000/svg"
                    >
                      <g
                        fill="none"
                        fill-rule="evenodd"
                      >
                        <rect
                          height="24"
                          width="24"
                        />
                        <path
                          d="M12,2 C17.5228475,2 22,6.4771525 22,12 C22,17.5228475 17.5228475,22 12,22 C6.4771525,22 2,17.5228475 2,12 C2,6.4771525 6.4771525,2 12,2 Z M12,4 C7.581722,4 4,7.581722 4,12 C4,16.418278 7.581722,20 12,20 C16.418278,20 20,16.418278 20,12 C20,7.581722 16.418278,4 12,4 Z M15,7.5 L16.5,9 L13.5,12 L16.5,15 L15,16.5 L12,13.5 L9,16.5 L7.5,15 L10.5,12 L7.5,9 L9,7.5 L12,10.5 L15,7.5 Z"
                          fill="currentColor"
                        />
                      </g>
                    </svg>
                  </button>
                  <button
                    aria-expanded="false"
                    aria-haspopup="listbox"
                    aria-labelledby="hds-select-1-label hds-select-6-helper hds-select-1-toggle-button"
                    aria-owns="hds-select-1-menu"
                    class="Select-module_button__1aIsm"
                    id="hds-select-1-toggle-button"
                    type="button"
                  >
                    <svg
                      aria-hidden="true"
                      class="Icon-module_icon__1Jtzj icon_hds-icon__1YqNC Icon-module_s__2WGWe icon_hds-icon--size-s__2Lkik Select-module_angleIcon__2-9AD"
                      role="img"
                      viewBox="0 0 24 24"
                      xmlns="http://www.w3.org/2000/svg"
                    >
                      <g
                        fill="none"
                        fill-rule="evenodd"
                      >
                        <path
                          d="M0 0h24v24H0z"
                        />
                        <path
                          d="M12 13.5l5-5 1.5 1.5-6.5 6.5L5.5 10 7 8.5z"
                          fill="currentColor"
                        />
                      </g>
                    </svg>
                  </button>
                  <ul
                    aria-labelledby="hds-select-1-label"
                    aria-multiselectable="true"
                    class="Select-module_menu__1H2aU"
                    id="hds-select-1-menu"
                    role="listbox"
                    style="max-height: 260px;"
                    tabindex="-1"
                  />
                </div>
                <div
                  aria-hidden="true"
                  class="Select-module_helperText__1Bnwn"
                  id="hds-select-6-helper"
                >
                  Valitse hankevaiheet joita haluat tarkastella
                </div>
              </div>
              <p
                data-testid="numberOfFilteredRows"
                style="display: none;"
              >
                2
              </p>
            </fieldset>
            <div>
              <div
                aria-expanded="false"
                aria-label="Advanced filters"
                class="Card-module_card__1WbKx card_hds-card--border__c2dBc hankeCard"
                role="region"
              >
                <div
                  class="hankeCardHeader"
                >
                  <a
                    class="link"
                    href="/fi/map?hanke=SMTGEN2_1"
                    title="Avaa hanke kartalla"
                  >
                    SMTGEN2_1
                  </a>
                  <div
                    class="hankeName"
                  >
                    <p
                      class="text--normal text--body-m"
                    >
                      Mannerheimintie autottomaksi
                    </p>
                  </div>
                  <div
                    class="Tag-module_tag__3bo5S tag"
                    id="hds-tag"
                  >
                    <span
                      class="Tag-module_label__zCgFr"
                      id="hds-tag-label"
                    >
                      <span
                        aria-hidden="false"
                      >
                        OHJELMOINTI
                      </span>
                    </span>
                  </div>
                  <div
                    class="hankeDates"
                  >
                    <p
                      class="text--normal text--body-m"
                    >
                      02.10.2021
                    </p>
                    -
                    <p
                      class="text--normal text--body-m"
                    >
                      10.10.2021
                    </p>
                  </div>
                  <div
                    class="actions"
                  >
                    <svg
                      class="Icon-module_icon__1Jtzj icon_hds-icon__1YqNC Icon-module_s__2WGWe icon_hds-icon--size-s__2Lkik"
                      role="img"
                      viewBox="0 0 24 24"
                      xmlns="http://www.w3.org/2000/svg"
                    >
                      <g
                        fill="none"
                        fill-rule="evenodd"
                      >
                        <path
                          d="M0 0h24v24H0z"
                        />
                        <path
                          d="M16.75 3L4.5 15.25l.014 4.736L9.25 20 21.5 7.75 16.75 3zM6.5 16L16.75 5.75l2 2L8.5 18l-1.993-.006L6.5 16z"
                          fill="currentColor"
                        />
                      </g>
                    </svg>
                  </div>
                  <div
                    class="iconWrapper"
                  >
                    <svg
                      class="Icon-module_icon__1Jtzj icon_hds-icon__1YqNC Icon-module_m__3edUY icon_hds-icon--size-m__1mcHv"
                      role="img"
                      viewBox="0 0 24 24"
                      xmlns="http://www.w3.org/2000/svg"
                    >
                      <g
                        fill="none"
                        fill-rule="evenodd"
                      >
                        <path
                          d="M0 24h24V0H0z"
                        />
                        <path
                          d="M12 11.5l5 5 1.5-1.5L12 8.5 5.5 15 7 16.5z"
                          fill="currentColor"
                        />
                      </g>
                    </svg>
                  </div>
                </div>
              </div>
              <div
                aria-label="Advanced filters"
                class="Card-module_card__1WbKx card_hds-card--border__c2dBc hankeCardContent"
                role="region"
                style="display: none;"
              >
                <div
                  class="Tabs-module_tabs__2Ww5F Tabs-module_small__1d6Xt"
                >
                  <div
                    class="Tabs-module_tablistBar__elMv9"
                  >
                    <div
                      class="Tabs-module_tablist__1iuDO"
                    >
                      <ul
                        role="tablist"
                        style="width: 0px;"
                      >
                        <li
                          aria-controls="tab-0-panel"
                          aria-selected="true"
                          class="Tabs-module_tab__3oOoX Tabs-module_active__1Ic3B"
                          id="tab-0-button"
                          role="tab"
                          tabindex="0"
                        >
                          <span>
                            Perustiedot
                          </span>
                        </li>
                      </ul>
                    </div>
                  </div>
                  <div
                    aria-labelledby="tab-0-button"
                    id="tab-0-panel"
                    role="tabpanel"
                  >
                    <div
                      class="gridBasicInfo"
                    >
                      <div
                        class="gridItem gridDescription"
                      >
                        <h3
                          class="text--bold text--h6"
                        >
                          Hankkeen kuvaus
                        </h3>
                        <p
                          class="text--normal text--body-m"
                        >
                          Hankkeen kuvaus
                        </p>
                      </div>
                      <div
                        class="gridItem"
                      >
                        <h3
                          class="text--bold text--h6"
                        >
                          Hankkeen vaihe
                        </h3>
                        <p
                          class="text--normal text--body-m"
                        >
                          Ohjelmointi
                        </p>
                      </div>
                      <div
                        class="gridItem"
                      >
                        <h3
                          class="text--bold text--h6"
                        >
                          Suunnitteluvaihe
                        </h3>
                        <p
                          class="text--normal text--body-m"
                        >
                          suunnitteluVaihe.null
                        </p>
                      </div>
                      <div
                        class="gridItem"
                      >
                        <div
                          class="linkWrapper"
                        >
                          <h3
                            class="text--bold text--h6"
                          >
                            Katuosoite
                          </h3>
                          <a
                            class="link"
                            href="/fi/map?hanke=SMTGEN2_1"
                            title="Avaa kartalla"
                          >
                            Avaa kartalla
                          </a>
                        </div>
                        <p
                          class="text--normal text--body-m"
                        />
                      </div>
                      <div
                        class="gridItem"
                      >
                        <h3
                          class="text--bold text--h6"
                        >
                          Hankkeen kesto
                        </h3>
                        <p
                          class="text--normal text--body-m"
                        >
                          02.10.2021
                           - 
                          10.10.2021
                        </p>
                      </div>
                      <div
                        class="gridItem"
                      >
                        <h3
                          class="text--bold text--h6"
                        >
                          Työmaan koko
                        </h3>
                        <p
                          class="text--normal text--body-m"
                        >
                          -
                        </p>
                      </div>
                      <div
                        class="gridItem gridType"
                      >
                        <h3
                          class="text--bold text--h6"
                        >
                          Työmaantyyppi
                        </h3>
                        <div>
                          <div
                            class="Tag-module_tag__3bo5S hankeTag"
                            id="hds-tag"
                          >
                            <span
                              class="Tag-module_label__zCgFr"
                              id="hds-tag-label"
                            >
                              <span
                                aria-hidden="false"
                              >
                                Vesi
                              </span>
                            </span>
                          </div>
                          <div
                            class="Tag-module_tag__3bo5S hankeTag"
                            id="hds-tag"
                          >
                            <span
                              class="Tag-module_label__zCgFr"
                              id="hds-tag-label"
                            >
                              <span
                                aria-hidden="false"
                              >
                                Viemäri
                              </span>
                            </span>
                          </div>
                        </div>
                      </div>
                    </div>
                    <div
                      class="gridBasicInfo"
                    >
                      <div
                        class="gridItem gridType"
                      >
                        <h3
                          class="text--bold text--h5"
                        >
                          Hankkeen haitat
                        </h3>
                      </div>
                      <div
                        class="gridItem"
                      >
                        <h3
                          class="text--bold text--h6"
                        >
                          Kaistahaitta
                        </h3>
                        <p
                          class="text--normal text--body-m"
                        >
                          -
                        </p>
                      </div>
                      <div
                        class="gridItem"
                      >
                        <h3
                          class="text--bold text--h6"
                        >
                          Haitan kesto
                        </h3>
                        <p
                          class="text--normal text--body-m"
                        >
                           -
                           
                          10.10.2021
                        </p>
                      </div>
                      <div
                        class="gridItem"
                      >
                        <h3
                          class="text--bold text--h6"
                        >
                          Kaistan pituushaitta
                        </h3>
                        <p
                          class="text--normal text--body-m"
                        >
                          -
                        </p>
                      </div>
                      <div
                        class="gridItem"
                      >
                        <h3
                          class="text--bold text--h6"
                        >
                          Meluhaitta
                        </h3>
                        <p
                          class="text--normal text--body-m"
                        >
                          -
                        </p>
                      </div>
                      <div
                        class="gridItem"
                      >
                        <h3
                          class="text--bold text--h6"
                        >
                          Pölyhaitta
                        </h3>
                        <p
                          class="text--normal text--body-m"
                        >
                          -
                        </p>
                      </div>
                      <div
                        class="gridItem"
                      >
                        <h3
                          class="text--bold text--h6"
                        >
                          Tärinähaitta
                        </h3>
                        <p
                          class="text--normal text--body-m"
                        >
                          -
                        </p>
                      </div>
                    </div>
                  </div>
                </div>
              </div>
            </div>
            <div>
              <div
                aria-expanded="false"
                aria-label="Advanced filters"
                class="Card-module_card__1WbKx card_hds-card--border__c2dBc hankeCard"
                role="region"
              >
                <div
                  class="hankeCardHeader"
                >
                  <a
                    class="link"
                    href="/fi/map?hanke=SMTGEN2_2"
                    title="Avaa hanke kartalla"
                  >
                    SMTGEN2_2
                  </a>
                  <div
                    class="hankeName"
                  >
                    <p
                      class="text--normal text--body-m"
                    >
                      dsf
                    </p>
                  </div>
                  <div
                    class="Tag-module_tag__3bo5S tag"
                    id="hds-tag"
                  >
                    <span
                      class="Tag-module_label__zCgFr"
                      id="hds-tag-label"
                    >
                      <span
                        aria-hidden="false"
                      >
                        OHJELMOINTI
                      </span>
                    </span>
                  </div>
                  <div
                    class="hankeDates"
                  >
                    <p
                      class="text--normal text--body-m"
                    >
                      02.10.2021
                    </p>
                    -
                    <p
                      class="text--normal text--body-m"
                    >
                      05.10.2021
                    </p>
                  </div>
                  <div
                    class="actions"
                  >
                    <svg
                      class="Icon-module_icon__1Jtzj icon_hds-icon__1YqNC Icon-module_s__2WGWe icon_hds-icon--size-s__2Lkik"
                      role="img"
                      viewBox="0 0 24 24"
                      xmlns="http://www.w3.org/2000/svg"
                    >
                      <g
                        fill="none"
                        fill-rule="evenodd"
                      >
                        <path
                          d="M0 0h24v24H0z"
                        />
                        <path
                          d="M16.75 3L4.5 15.25l.014 4.736L9.25 20 21.5 7.75 16.75 3zM6.5 16L16.75 5.75l2 2L8.5 18l-1.993-.006L6.5 16z"
                          fill="currentColor"
                        />
                      </g>
                    </svg>
                  </div>
                  <div
                    class="iconWrapper"
                  >
                    <svg
                      class="Icon-module_icon__1Jtzj icon_hds-icon__1YqNC Icon-module_m__3edUY icon_hds-icon--size-m__1mcHv"
                      role="img"
                      viewBox="0 0 24 24"
                      xmlns="http://www.w3.org/2000/svg"
                    >
                      <g
                        fill="none"
                        fill-rule="evenodd"
                      >
                        <path
                          d="M0 24h24V0H0z"
                        />
                        <path
                          d="M12 11.5l5 5 1.5-1.5L12 8.5 5.5 15 7 16.5z"
                          fill="currentColor"
                        />
                      </g>
                    </svg>
                  </div>
                </div>
              </div>
              <div
                aria-label="Advanced filters"
                class="Card-module_card__1WbKx card_hds-card--border__c2dBc hankeCardContent"
                role="region"
                style="display: none;"
              >
                <div
                  class="Tabs-module_tabs__2Ww5F Tabs-module_small__1d6Xt"
                >
                  <div
                    class="Tabs-module_tablistBar__elMv9"
                  >
                    <div
                      class="Tabs-module_tablist__1iuDO"
                    >
                      <ul
                        role="tablist"
                        style="width: 0px;"
                      >
                        <li
                          aria-controls="tab-0-panel"
                          aria-selected="true"
                          class="Tabs-module_tab__3oOoX Tabs-module_active__1Ic3B"
                          id="tab-0-button"
                          role="tab"
                          tabindex="0"
                        >
                          <span>
                            Perustiedot
                          </span>
                        </li>
                      </ul>
                    </div>
                  </div>
                  <div
                    aria-labelledby="tab-0-button"
                    id="tab-0-panel"
                    role="tabpanel"
                  >
                    <div
                      class="gridBasicInfo"
                    >
                      <div
                        class="gridItem gridDescription"
                      >
                        <h3
                          class="text--bold text--h6"
                        >
                          Hankkeen kuvaus
                        </h3>
                        <p
                          class="text--normal text--body-m"
                        />
                      </div>
                      <div
                        class="gridItem"
                      >
                        <h3
                          class="text--bold text--h6"
                        >
                          Hankkeen vaihe
                        </h3>
                        <p
                          class="text--normal text--body-m"
                        >
                          Ohjelmointi
                        </p>
                      </div>
                      <div
                        class="gridItem"
                      >
                        <h3
                          class="text--bold text--h6"
                        >
                          Suunnitteluvaihe
                        </h3>
                        <p
                          class="text--normal text--body-m"
                        >
                          suunnitteluVaihe.null
                        </p>
                      </div>
                      <div
                        class="gridItem"
                      >
                        <div
                          class="linkWrapper"
                        >
                          <h3
                            class="text--bold text--h6"
                          >
                            Katuosoite
                          </h3>
                          <a
                            class="link"
                            href="/fi/map?hanke=SMTGEN2_2"
                            title="Avaa kartalla"
                          >
                            Avaa kartalla
                          </a>
                        </div>
                        <p
                          class="text--normal text--body-m"
                        />
                      </div>
                      <div
                        class="gridItem"
                      >
                        <h3
                          class="text--bold text--h6"
                        >
                          Hankkeen kesto
                        </h3>
                        <p
                          class="text--normal text--body-m"
                        >
                          02.10.2021
                           - 
                          05.10.2021
                        </p>
                      </div>
                      <div
                        class="gridItem"
                      >
                        <h3
                          class="text--bold text--h6"
                        >
                          Työmaan koko
                        </h3>
                        <p
                          class="text--normal text--body-m"
                        >
                          -
                        </p>
                      </div>
                      <div
                        class="gridItem gridType"
                      >
                        <h3
                          class="text--bold text--h6"
                        >
                          Työmaantyyppi
                        </h3>
                        <div>
                          -
                        </div>
                      </div>
                    </div>
                    <div
                      class="gridBasicInfo"
                    >
                      <div
                        class="gridItem gridType"
                      >
                        <h3
                          class="text--bold text--h5"
                        >
                          Hankkeen haitat
                        </h3>
                      </div>
                      <div
                        class="gridItem"
                      >
                        <h3
                          class="text--bold text--h6"
                        >
                          Kaistahaitta
                        </h3>
                        <p
                          class="text--normal text--body-m"
                        >
                          -
                        </p>
                      </div>
                      <div
                        class="gridItem"
                      >
                        <h3
                          class="text--bold text--h6"
                        >
                          Haitan kesto
                        </h3>
                        <p
                          class="text--normal text--body-m"
                        >
                           -
                           
                          05.10.2021
                        </p>
                      </div>
                      <div
                        class="gridItem"
                      >
                        <h3
                          class="text--bold text--h6"
                        >
                          Kaistan pituushaitta
                        </h3>
                        <p
                          class="text--normal text--body-m"
                        >
                          -
                        </p>
                      </div>
                      <div
                        class="gridItem"
                      >
                        <h3
                          class="text--bold text--h6"
                        >
                          Meluhaitta
                        </h3>
                        <p
                          class="text--normal text--body-m"
                        >
                          -
                        </p>
                      </div>
                      <div
                        class="gridItem"
                      >
                        <h3
                          class="text--bold text--h6"
                        >
                          Pölyhaitta
                        </h3>
                        <p
                          class="text--normal text--body-m"
                        >
                          -
                        </p>
                      </div>
                      <div
                        class="gridItem"
                      >
                        <h3
                          class="text--bold text--h6"
                        >
                          Tärinähaitta
                        </h3>
                        <p
                          class="text--normal text--body-m"
                        >
                          -
                        </p>
                      </div>
                    </div>
                  </div>
                </div>
              </div>
            </div>
            <div
              class="pagination"
            >
              <button
                aria-label="Listan ensimmäiselle sivulle"
                class="toBeginning"
                data-testid="toBeginning"
                disabled=""
                type="button"
              >
                <svg
                  aria-hidden="true"
                  class="Icon-module_icon__1Jtzj icon_hds-icon__1YqNC Icon-module_s__2WGWe icon_hds-icon--size-s__2Lkik"
                  role="img"
                  viewBox="0 0 24 24"
                  xmlns="http://www.w3.org/2000/svg"
                >
                  <g
                    fill="none"
                    fill-rule="evenodd"
                  >
                    <polygon
                      points="24 0 24 24 0 24 0 0"
                    />
                    <polygon
                      fill="currentColor"
                      points="10.5 12 15.5 17 14 18.5 7.5 12 14 5.5 15.5 7"
                    />
                  </g>
                </svg>
                <svg
                  aria-hidden="true"
                  class="Icon-module_icon__1Jtzj icon_hds-icon__1YqNC Icon-module_s__2WGWe icon_hds-icon--size-s__2Lkik"
                  role="img"
                  viewBox="0 0 24 24"
                  xmlns="http://www.w3.org/2000/svg"
                >
                  <g
                    fill="none"
                    fill-rule="evenodd"
                  >
                    <polygon
                      points="24 0 24 24 0 24 0 0"
                    />
                    <polygon
                      fill="currentColor"
                      points="10.5 12 15.5 17 14 18.5 7.5 12 14 5.5 15.5 7"
                    />
                  </g>
                </svg>
              </button>
              <button
                aria-label="Listan edelliselle sivulle"
                class="backward"
                data-testid="backward"
                disabled=""
                type="button"
              >
                <svg
                  aria-hidden="true"
                  class="Icon-module_icon__1Jtzj icon_hds-icon__1YqNC Icon-module_s__2WGWe icon_hds-icon--size-s__2Lkik"
                  role="img"
                  viewBox="0 0 24 24"
                  xmlns="http://www.w3.org/2000/svg"
                >
                  <g
                    fill="none"
                    fill-rule="evenodd"
                  >
                    <polygon
                      points="24 0 24 24 0 24 0 0"
                    />
                    <polygon
                      fill="currentColor"
                      points="10.5 12 15.5 17 14 18.5 7.5 12 14 5.5 15.5 7"
                    />
                  </g>
                </svg>
              </button>
              <span
                class="wrp"
              >
                Sivu
                 
                <span
                  data-testid="currentPage"
                >
                  1
                </span>
                 /
                 
                <span
                  data-testid="amountOfPages"
                >
                  1
                </span>
              </span>
              <button
                aria-label="Listan seuraavalle sivulle"
                class="forward"
                data-testid="forward"
                disabled=""
                type="button"
              >
                <svg
                  aria-hidden="true"
                  class="Icon-module_icon__1Jtzj icon_hds-icon__1YqNC Icon-module_s__2WGWe icon_hds-icon--size-s__2Lkik"
                  role="img"
                  viewBox="0 0 24 24"
                  xmlns="http://www.w3.org/2000/svg"
                >
                  <g
                    fill="none"
                    fill-rule="evenodd"
                  >
                    <polygon
                      points="0 24 0 0 24 0 24 24"
                    />
                    <polygon
                      fill="currentColor"
                      points="13.5 12 8.5 7 10 5.5 16.5 12 10 18.5 8.5 17"
                    />
                  </g>
                </svg>
              </button>
              <button
                aria-label="Listan viimeiselle sivulle"
                class="toEnd"
                data-testid="toEnd"
                disabled=""
                type="button"
              >
                <svg
                  aria-hidden="true"
                  class="Icon-module_icon__1Jtzj icon_hds-icon__1YqNC Icon-module_s__2WGWe icon_hds-icon--size-s__2Lkik"
                  role="img"
                  viewBox="0 0 24 24"
                  xmlns="http://www.w3.org/2000/svg"
                >
                  <g
                    fill="none"
                    fill-rule="evenodd"
                  >
                    <polygon
                      points="0 24 0 0 24 0 24 24"
                    />
                    <polygon
                      fill="currentColor"
                      points="13.5 12 8.5 7 10 5.5 16.5 12 10 18.5 8.5 17"
                    />
                  </g>
                </svg>
                <svg
                  aria-hidden="true"
                  class="Icon-module_icon__1Jtzj icon_hds-icon__1YqNC Icon-module_s__2WGWe icon_hds-icon--size-s__2Lkik"
                  role="img"
                  viewBox="0 0 24 24"
                  xmlns="http://www.w3.org/2000/svg"
                >
                  <g
                    fill="none"
                    fill-rule="evenodd"
                  >
                    <polygon
                      points="0 24 0 0 24 0 24 24"
                    />
                    <polygon
                      fill="currentColor"
                      points="13.5 12 8.5 7 10 5.5 16.5 12 10 18.5 8.5 17"
                    />
                  </g>
                </svg>
              </button>
            </div>
          </div>
        </div>
      </div>
    </div>
  </body>,
  "container": <div>
    <div
      class="hankesalkkuContainer"
    >
      <div>
        <h1
          class="text--bold text--h2 text--spacing-s"
          data-testid="HankePortfolioPageHeader"
        >
          Hankesalkku
        </h1>
        <div
          class="contentContainer"
        >
          <fieldset
            class="Fieldset-module_fieldset__2OtST fieldset_hds-fieldset__2FPi3 fieldset_hds-fieldset--border__3aSAk"
          >
            <legend
              class="Fieldset-module_legend__35Acm fieldset_hds-fieldset-legend__2-X6z"
            >
              Rajausehdot
            </legend>
            <div
              class="TextInput-module_root__2CMNr text-input_hds-text-input__2LODq"
            >
              <label
                class="FieldLabel-module_label__1zrXK "
                for="searchHanke"
              >
                Haku
              </label>
              <div
                class="TextInput-module_inputWrapper__3Rvel text-input_hds-text-input__input-wrapper__1OqYG"
              >
                <input
                  aria-describedby="searchHanke-helper"
                  class="TextInput-module_input__1BlHi text-input_hds-text-input__input__GJm5C"
                  id="searchHanke"
                  type="text"
                  value=""
                />
              </div>
              <div
                class="TextInput-module_helperText__2dLR6 text-input_hds-text-input__helper-text__3V2KM"
                id="searchHanke-helper"
              >
                Hae hankkeen nimellä tai tunnuksella
              </div>
            </div>
            <div>
              <div
                class="datePicker"
              >
                <div
                  class="css-dmul6t"
                >
                  <div
                    class="css-1pip4vl"
                  >
                    <div>
                      <label
                        class="label"
                        for="startPicker"
                      >
                        Ajanjakson alku
                      </label>
                      <div
                        class="dateWpr"
                      >
                        <div
                          class="react-datepicker-wrapper"
                        >
                          <div
                            class="react-datepicker__input-container"
                          >
                            <input
                              class=""
                              id="startPicker"
                              type="text"
                              value=""
                            />
                          </div>
                        </div>
                      </div>
                    </div>
                  </div>
                  <div
                    aria-hidden="true"
                    class="dateHyphen css-zd4of5"
                  >
                    <p>
                      -
                    </p>
                  </div>
                  <div
                    class="css-1pip4vl"
                  >
                    <div>
                      <label
                        class="label"
                        for="endPicker"
                      >
                        Ajanjakson loppu
                      </label>
                      <div
                        class="dateWpr"
                      >
                        <div
                          class="react-datepicker-wrapper"
                        >
                          <div
                            class="react-datepicker__input-container"
                          >
                            <input
                              class="reactDatepicker"
                              id="endPicker"
                              type="text"
                              value=""
                            />
                          </div>
                        </div>
                      </div>
                    </div>
                  </div>
                </div>
              </div>
            </div>
            <div
              class="Select-module_root__Ka5uO Select-module_multiselect__fxewG"
            >
              <label
                class="FieldLabel-module_label__1zrXK "
                for="hds-select-1-toggle-button"
                id="hds-select-1-label"
              >
                Hankevaiheet
              </label>
              <div
                class="Select-module_wrapper__1WQXs"
              >
                <div
                  class="SelectedItems-module_selectedItems__2m24K SelectedItems-module_itemsHidden__2ewH3"
                >
                  <div
                    class="Tag-module_tag__3bo5S SelectedItems-module_tag__13n3H SelectedItems-module_hidden__2hyRx"
                    id="hds-tag-10"
                    role="link"
                    tabindex="0"
                  >
                    <span
                      aria-labelledby="hds-select-6-label hds-tag-10-label"
                      class="Tag-module_label__zCgFr"
                      id="hds-tag-10-label"
                    >
                      <span
                        aria-hidden="false"
                      >
                        Ohjelmointi
                      </span>
                    </span>
                    <button
                      aria-label="Remove $Ohjelmointi"
                      class="Tag-module_deleteButton__1diMR"
                      id="hds-tag-10-delete-button"
                      tabindex="-1"
                      type="button"
                    >
                      <svg
                        aria-hidden="true"
                        class="Icon-module_icon__1Jtzj icon_hds-icon__1YqNC Icon-module_s__2WGWe icon_hds-icon--size-s__2Lkik"
                        role="img"
                        viewBox="0 0 24 24"
                        xmlns="http://www.w3.org/2000/svg"
                      >
                        <g
                          fill="none"
                          fill-rule="evenodd"
                        >
                          <rect
                            height="24"
                            width="24"
                          />
                          <polygon
                            fill="currentColor"
                            points="18 7.5 13.5 12 18 16.5 16.5 18 12 13.5 7.5 18 6 16.5 10.5 12 6 7.5 7.5 6 12 10.5 16.5 6"
                          />
                        </g>
                      </svg>
                    </button>
                  </div>
                  <div
                    class="Tag-module_tag__3bo5S SelectedItems-module_tag__13n3H SelectedItems-module_hidden__2hyRx"
                    id="hds-tag-11"
                    role="link"
                    tabindex="-1"
                  >
                    <span
                      aria-labelledby="hds-select-6-label hds-tag-11-label"
                      class="Tag-module_label__zCgFr"
                      id="hds-tag-11-label"
                    >
                      <span
                        aria-hidden="false"
                      >
                        Suunnittelu
                      </span>
                    </span>
                    <button
                      aria-label="Remove $Suunnittelu"
                      class="Tag-module_deleteButton__1diMR"
                      id="hds-tag-11-delete-button"
                      tabindex="-1"
                      type="button"
                    >
                      <svg
                        aria-hidden="true"
                        class="Icon-module_icon__1Jtzj icon_hds-icon__1YqNC Icon-module_s__2WGWe icon_hds-icon--size-s__2Lkik"
                        role="img"
                        viewBox="0 0 24 24"
                        xmlns="http://www.w3.org/2000/svg"
                      >
                        <g
                          fill="none"
                          fill-rule="evenodd"
                        >
                          <rect
                            height="24"
                            width="24"
                          />
                          <polygon
                            fill="currentColor"
                            points="18 7.5 13.5 12 18 16.5 16.5 18 12 13.5 7.5 18 6 16.5 10.5 12 6 7.5 7.5 6 12 10.5 16.5 6"
                          />
                        </g>
                      </svg>
                    </button>
                  </div>
                  <div
                    class="Tag-module_tag__3bo5S SelectedItems-module_tag__13n3H SelectedItems-module_hidden__2hyRx"
                    id="hds-tag-12"
                    role="link"
                    tabindex="-1"
                  >
                    <span
                      aria-labelledby="hds-select-6-label hds-tag-12-label"
                      class="Tag-module_label__zCgFr"
                      id="hds-tag-12-label"
                    >
                      <span
                        aria-hidden="false"
                      >
                        Rakentaminen
                      </span>
                    </span>
                    <button
                      aria-label="Remove $Rakentaminen"
                      class="Tag-module_deleteButton__1diMR"
                      id="hds-tag-12-delete-button"
                      tabindex="-1"
                      type="button"
                    >
                      <svg
                        aria-hidden="true"
                        class="Icon-module_icon__1Jtzj icon_hds-icon__1YqNC Icon-module_s__2WGWe icon_hds-icon--size-s__2Lkik"
                        role="img"
                        viewBox="0 0 24 24"
                        xmlns="http://www.w3.org/2000/svg"
                      >
                        <g
                          fill="none"
                          fill-rule="evenodd"
                        >
                          <rect
                            height="24"
                            width="24"
                          />
                          <polygon
                            fill="currentColor"
                            points="18 7.5 13.5 12 18 16.5 16.5 18 12 13.5 7.5 18 6 16.5 10.5 12 6 7.5 7.5 6 12 10.5 16.5 6"
                          />
                        </g>
                      </svg>
                    </button>
                  </div>
                  <span
                    class="SelectedItems-module_hiddenItemsCount__3MAEc"
                  >
                    +
                    3
                  </span>
                </div>
                <button
                  aria-label="Clear all selections"
                  class="SelectedItems-module_clearButton__35tnp"
                  type="button"
                >
                  <svg
                    class="Icon-module_icon__1Jtzj icon_hds-icon__1YqNC Icon-module_s__2WGWe icon_hds-icon--size-s__2Lkik"
                    role="img"
                    viewBox="0 0 24 24"
                    xmlns="http://www.w3.org/2000/svg"
                  >
                    <g
                      fill="none"
                      fill-rule="evenodd"
                    >
                      <rect
                        height="24"
                        width="24"
                      />
                      <path
                        d="M12,2 C17.5228475,2 22,6.4771525 22,12 C22,17.5228475 17.5228475,22 12,22 C6.4771525,22 2,17.5228475 2,12 C2,6.4771525 6.4771525,2 12,2 Z M12,4 C7.581722,4 4,7.581722 4,12 C4,16.418278 7.581722,20 12,20 C16.418278,20 20,16.418278 20,12 C20,7.581722 16.418278,4 12,4 Z M15,7.5 L16.5,9 L13.5,12 L16.5,15 L15,16.5 L12,13.5 L9,16.5 L7.5,15 L10.5,12 L7.5,9 L9,7.5 L12,10.5 L15,7.5 Z"
                        fill="currentColor"
                      />
                    </g>
                  </svg>
                </button>
                <button
                  aria-expanded="false"
                  aria-haspopup="listbox"
                  aria-labelledby="hds-select-1-label hds-select-6-helper hds-select-1-toggle-button"
                  aria-owns="hds-select-1-menu"
                  class="Select-module_button__1aIsm"
                  id="hds-select-1-toggle-button"
                  type="button"
                >
                  <svg
                    aria-hidden="true"
                    class="Icon-module_icon__1Jtzj icon_hds-icon__1YqNC Icon-module_s__2WGWe icon_hds-icon--size-s__2Lkik Select-module_angleIcon__2-9AD"
                    role="img"
                    viewBox="0 0 24 24"
                    xmlns="http://www.w3.org/2000/svg"
                  >
                    <g
                      fill="none"
                      fill-rule="evenodd"
                    >
                      <path
                        d="M0 0h24v24H0z"
                      />
                      <path
                        d="M12 13.5l5-5 1.5 1.5-6.5 6.5L5.5 10 7 8.5z"
                        fill="currentColor"
                      />
                    </g>
                  </svg>
                </button>
                <ul
                  aria-labelledby="hds-select-1-label"
                  aria-multiselectable="true"
                  class="Select-module_menu__1H2aU"
                  id="hds-select-1-menu"
                  role="listbox"
                  style="max-height: 260px;"
                  tabindex="-1"
                />
              </div>
              <div
                aria-hidden="true"
                class="Select-module_helperText__1Bnwn"
                id="hds-select-6-helper"
              >
                Valitse hankevaiheet joita haluat tarkastella
              </div>
            </div>
            <p
              data-testid="numberOfFilteredRows"
              style="display: none;"
            >
              2
            </p>
          </fieldset>
          <div>
            <div
              aria-expanded="false"
              aria-label="Advanced filters"
              class="Card-module_card__1WbKx card_hds-card--border__c2dBc hankeCard"
              role="region"
            >
              <div
                class="hankeCardHeader"
              >
                <a
                  class="link"
                  href="/fi/map?hanke=SMTGEN2_1"
                  title="Avaa hanke kartalla"
                >
                  SMTGEN2_1
                </a>
                <div
                  class="hankeName"
                >
                  <p
                    class="text--normal text--body-m"
                  >
                    Mannerheimintie autottomaksi
                  </p>
                </div>
                <div
                  class="Tag-module_tag__3bo5S tag"
                  id="hds-tag"
                >
                  <span
                    class="Tag-module_label__zCgFr"
                    id="hds-tag-label"
                  >
                    <span
                      aria-hidden="false"
                    >
                      OHJELMOINTI
                    </span>
                  </span>
                </div>
                <div
                  class="hankeDates"
                >
                  <p
                    class="text--normal text--body-m"
                  >
                    02.10.2021
                  </p>
                  -
                  <p
                    class="text--normal text--body-m"
                  >
                    10.10.2021
                  </p>
                </div>
                <div
                  class="actions"
                >
                  <svg
                    class="Icon-module_icon__1Jtzj icon_hds-icon__1YqNC Icon-module_s__2WGWe icon_hds-icon--size-s__2Lkik"
                    role="img"
                    viewBox="0 0 24 24"
                    xmlns="http://www.w3.org/2000/svg"
                  >
                    <g
                      fill="none"
                      fill-rule="evenodd"
                    >
                      <path
                        d="M0 0h24v24H0z"
                      />
                      <path
                        d="M16.75 3L4.5 15.25l.014 4.736L9.25 20 21.5 7.75 16.75 3zM6.5 16L16.75 5.75l2 2L8.5 18l-1.993-.006L6.5 16z"
                        fill="currentColor"
                      />
                    </g>
                  </svg>
                </div>
                <div
                  class="iconWrapper"
                >
                  <svg
                    class="Icon-module_icon__1Jtzj icon_hds-icon__1YqNC Icon-module_m__3edUY icon_hds-icon--size-m__1mcHv"
                    role="img"
                    viewBox="0 0 24 24"
                    xmlns="http://www.w3.org/2000/svg"
                  >
                    <g
                      fill="none"
                      fill-rule="evenodd"
                    >
                      <path
                        d="M0 24h24V0H0z"
                      />
                      <path
                        d="M12 11.5l5 5 1.5-1.5L12 8.5 5.5 15 7 16.5z"
                        fill="currentColor"
                      />
                    </g>
                  </svg>
                </div>
              </div>
            </div>
            <div
              aria-label="Advanced filters"
              class="Card-module_card__1WbKx card_hds-card--border__c2dBc hankeCardContent"
              role="region"
              style="display: none;"
            >
              <div
                class="Tabs-module_tabs__2Ww5F Tabs-module_small__1d6Xt"
              >
                <div
                  class="Tabs-module_tablistBar__elMv9"
                >
                  <div
                    class="Tabs-module_tablist__1iuDO"
                  >
                    <ul
                      role="tablist"
                      style="width: 0px;"
                    >
                      <li
                        aria-controls="tab-0-panel"
                        aria-selected="true"
                        class="Tabs-module_tab__3oOoX Tabs-module_active__1Ic3B"
                        id="tab-0-button"
                        role="tab"
                        tabindex="0"
                      >
                        <span>
                          Perustiedot
                        </span>
                      </li>
                    </ul>
                  </div>
                </div>
                <div
                  aria-labelledby="tab-0-button"
                  id="tab-0-panel"
                  role="tabpanel"
                >
                  <div
                    class="gridBasicInfo"
                  >
                    <div
                      class="gridItem gridDescription"
                    >
                      <h3
                        class="text--bold text--h6"
                      >
                        Hankkeen kuvaus
                      </h3>
                      <p
                        class="text--normal text--body-m"
                      >
                        Hankkeen kuvaus
                      </p>
                    </div>
                    <div
                      class="gridItem"
                    >
                      <h3
                        class="text--bold text--h6"
                      >
                        Hankkeen vaihe
                      </h3>
                      <p
                        class="text--normal text--body-m"
                      >
                        Ohjelmointi
                      </p>
                    </div>
                    <div
                      class="gridItem"
                    >
                      <h3
                        class="text--bold text--h6"
                      >
                        Suunnitteluvaihe
                      </h3>
                      <p
                        class="text--normal text--body-m"
                      >
                        suunnitteluVaihe.null
                      </p>
                    </div>
                    <div
                      class="gridItem"
                    >
                      <div
                        class="linkWrapper"
                      >
                        <h3
                          class="text--bold text--h6"
                        >
                          Katuosoite
                        </h3>
                        <a
                          class="link"
                          href="/fi/map?hanke=SMTGEN2_1"
                          title="Avaa kartalla"
                        >
                          Avaa kartalla
                        </a>
                      </div>
                      <p
                        class="text--normal text--body-m"
                      />
                    </div>
                    <div
                      class="gridItem"
                    >
                      <h3
                        class="text--bold text--h6"
                      >
                        Hankkeen kesto
                      </h3>
                      <p
                        class="text--normal text--body-m"
                      >
                        02.10.2021
                         - 
                        10.10.2021
                      </p>
                    </div>
                    <div
                      class="gridItem"
                    >
                      <h3
                        class="text--bold text--h6"
                      >
                        Työmaan koko
                      </h3>
                      <p
                        class="text--normal text--body-m"
                      >
                        -
                      </p>
                    </div>
                    <div
                      class="gridItem gridType"
                    >
                      <h3
                        class="text--bold text--h6"
                      >
                        Työmaantyyppi
                      </h3>
                      <div>
                        <div
                          class="Tag-module_tag__3bo5S hankeTag"
                          id="hds-tag"
                        >
                          <span
                            class="Tag-module_label__zCgFr"
                            id="hds-tag-label"
                          >
                            <span
                              aria-hidden="false"
                            >
                              Vesi
                            </span>
                          </span>
                        </div>
                        <div
                          class="Tag-module_tag__3bo5S hankeTag"
                          id="hds-tag"
                        >
                          <span
                            class="Tag-module_label__zCgFr"
                            id="hds-tag-label"
                          >
                            <span
                              aria-hidden="false"
                            >
                              Viemäri
                            </span>
                          </span>
                        </div>
                      </div>
                    </div>
                  </div>
                  <div
                    class="gridBasicInfo"
                  >
                    <div
                      class="gridItem gridType"
                    >
                      <h3
                        class="text--bold text--h5"
                      >
                        Hankkeen haitat
                      </h3>
                    </div>
                    <div
                      class="gridItem"
                    >
                      <h3
                        class="text--bold text--h6"
                      >
                        Kaistahaitta
                      </h3>
                      <p
                        class="text--normal text--body-m"
                      >
                        -
                      </p>
                    </div>
                    <div
                      class="gridItem"
                    >
                      <h3
                        class="text--bold text--h6"
                      >
                        Haitan kesto
                      </h3>
                      <p
                        class="text--normal text--body-m"
                      >
                         -
                         
                        10.10.2021
                      </p>
                    </div>
                    <div
                      class="gridItem"
                    >
                      <h3
                        class="text--bold text--h6"
                      >
                        Kaistan pituushaitta
                      </h3>
                      <p
                        class="text--normal text--body-m"
                      >
                        -
                      </p>
                    </div>
                    <div
                      class="gridItem"
                    >
                      <h3
                        class="text--bold text--h6"
                      >
                        Meluhaitta
                      </h3>
                      <p
                        class="text--normal text--body-m"
                      >
                        -
                      </p>
                    </div>
                    <div
                      class="gridItem"
                    >
                      <h3
                        class="text--bold text--h6"
                      >
                        Pölyhaitta
                      </h3>
                      <p
                        class="text--normal text--body-m"
                      >
                        -
                      </p>
                    </div>
                    <div
                      class="gridItem"
                    >
                      <h3
                        class="text--bold text--h6"
                      >
                        Tärinähaitta
                      </h3>
                      <p
                        class="text--normal text--body-m"
                      >
                        -
                      </p>
                    </div>
                  </div>
                </div>
              </div>
            </div>
          </div>
          <div>
            <div
              aria-expanded="false"
              aria-label="Advanced filters"
              class="Card-module_card__1WbKx card_hds-card--border__c2dBc hankeCard"
              role="region"
            >
              <div
                class="hankeCardHeader"
              >
                <a
                  class="link"
                  href="/fi/map?hanke=SMTGEN2_2"
                  title="Avaa hanke kartalla"
                >
                  SMTGEN2_2
                </a>
                <div
                  class="hankeName"
                >
                  <p
                    class="text--normal text--body-m"
                  >
                    dsf
                  </p>
                </div>
                <div
                  class="Tag-module_tag__3bo5S tag"
                  id="hds-tag"
                >
                  <span
                    class="Tag-module_label__zCgFr"
                    id="hds-tag-label"
                  >
                    <span
                      aria-hidden="false"
                    >
                      OHJELMOINTI
                    </span>
                  </span>
                </div>
                <div
                  class="hankeDates"
                >
                  <p
                    class="text--normal text--body-m"
                  >
                    02.10.2021
                  </p>
                  -
                  <p
                    class="text--normal text--body-m"
                  >
                    05.10.2021
                  </p>
                </div>
                <div
                  class="actions"
                >
                  <svg
                    class="Icon-module_icon__1Jtzj icon_hds-icon__1YqNC Icon-module_s__2WGWe icon_hds-icon--size-s__2Lkik"
                    role="img"
                    viewBox="0 0 24 24"
                    xmlns="http://www.w3.org/2000/svg"
                  >
                    <g
                      fill="none"
                      fill-rule="evenodd"
                    >
                      <path
                        d="M0 0h24v24H0z"
                      />
                      <path
                        d="M16.75 3L4.5 15.25l.014 4.736L9.25 20 21.5 7.75 16.75 3zM6.5 16L16.75 5.75l2 2L8.5 18l-1.993-.006L6.5 16z"
                        fill="currentColor"
                      />
                    </g>
                  </svg>
                </div>
                <div
                  class="iconWrapper"
                >
                  <svg
                    class="Icon-module_icon__1Jtzj icon_hds-icon__1YqNC Icon-module_m__3edUY icon_hds-icon--size-m__1mcHv"
                    role="img"
                    viewBox="0 0 24 24"
                    xmlns="http://www.w3.org/2000/svg"
                  >
                    <g
                      fill="none"
                      fill-rule="evenodd"
                    >
                      <path
                        d="M0 24h24V0H0z"
                      />
                      <path
                        d="M12 11.5l5 5 1.5-1.5L12 8.5 5.5 15 7 16.5z"
                        fill="currentColor"
                      />
                    </g>
                  </svg>
                </div>
              </div>
            </div>
            <div
              aria-label="Advanced filters"
              class="Card-module_card__1WbKx card_hds-card--border__c2dBc hankeCardContent"
              role="region"
              style="display: none;"
            >
              <div
                class="Tabs-module_tabs__2Ww5F Tabs-module_small__1d6Xt"
              >
                <div
                  class="Tabs-module_tablistBar__elMv9"
                >
                  <div
                    class="Tabs-module_tablist__1iuDO"
                  >
                    <ul
                      role="tablist"
                      style="width: 0px;"
                    >
                      <li
                        aria-controls="tab-0-panel"
                        aria-selected="true"
                        class="Tabs-module_tab__3oOoX Tabs-module_active__1Ic3B"
                        id="tab-0-button"
                        role="tab"
                        tabindex="0"
                      >
                        <span>
                          Perustiedot
                        </span>
                      </li>
                    </ul>
                  </div>
                </div>
                <div
                  aria-labelledby="tab-0-button"
                  id="tab-0-panel"
                  role="tabpanel"
                >
                  <div
                    class="gridBasicInfo"
                  >
                    <div
                      class="gridItem gridDescription"
                    >
                      <h3
                        class="text--bold text--h6"
                      >
                        Hankkeen kuvaus
                      </h3>
                      <p
                        class="text--normal text--body-m"
                      />
                    </div>
                    <div
                      class="gridItem"
                    >
                      <h3
                        class="text--bold text--h6"
                      >
                        Hankkeen vaihe
                      </h3>
                      <p
                        class="text--normal text--body-m"
                      >
                        Ohjelmointi
                      </p>
                    </div>
                    <div
                      class="gridItem"
                    >
                      <h3
                        class="text--bold text--h6"
                      >
                        Suunnitteluvaihe
                      </h3>
                      <p
                        class="text--normal text--body-m"
                      >
                        suunnitteluVaihe.null
                      </p>
                    </div>
                    <div
                      class="gridItem"
                    >
                      <div
                        class="linkWrapper"
                      >
                        <h3
                          class="text--bold text--h6"
                        >
                          Katuosoite
                        </h3>
                        <a
                          class="link"
                          href="/fi/map?hanke=SMTGEN2_2"
                          title="Avaa kartalla"
                        >
                          Avaa kartalla
                        </a>
                      </div>
                      <p
                        class="text--normal text--body-m"
                      />
                    </div>
                    <div
                      class="gridItem"
                    >
                      <h3
                        class="text--bold text--h6"
                      >
                        Hankkeen kesto
                      </h3>
                      <p
                        class="text--normal text--body-m"
                      >
                        02.10.2021
                         - 
                        05.10.2021
                      </p>
                    </div>
                    <div
                      class="gridItem"
                    >
                      <h3
                        class="text--bold text--h6"
                      >
                        Työmaan koko
                      </h3>
                      <p
                        class="text--normal text--body-m"
                      >
                        -
                      </p>
                    </div>
                    <div
                      class="gridItem gridType"
                    >
                      <h3
                        class="text--bold text--h6"
                      >
                        Työmaantyyppi
                      </h3>
                      <div>
                        -
                      </div>
                    </div>
                  </div>
                  <div
                    class="gridBasicInfo"
                  >
                    <div
                      class="gridItem gridType"
                    >
                      <h3
                        class="text--bold text--h5"
                      >
                        Hankkeen haitat
                      </h3>
                    </div>
                    <div
                      class="gridItem"
                    >
                      <h3
                        class="text--bold text--h6"
                      >
                        Kaistahaitta
                      </h3>
                      <p
                        class="text--normal text--body-m"
                      >
                        -
                      </p>
                    </div>
                    <div
                      class="gridItem"
                    >
                      <h3
                        class="text--bold text--h6"
                      >
                        Haitan kesto
                      </h3>
                      <p
                        class="text--normal text--body-m"
                      >
                         -
                         
                        05.10.2021
                      </p>
                    </div>
                    <div
                      class="gridItem"
                    >
                      <h3
                        class="text--bold text--h6"
                      >
                        Kaistan pituushaitta
                      </h3>
                      <p
                        class="text--normal text--body-m"
                      >
                        -
                      </p>
                    </div>
                    <div
                      class="gridItem"
                    >
                      <h3
                        class="text--bold text--h6"
                      >
                        Meluhaitta
                      </h3>
                      <p
                        class="text--normal text--body-m"
                      >
                        -
                      </p>
                    </div>
                    <div
                      class="gridItem"
                    >
                      <h3
                        class="text--bold text--h6"
                      >
                        Pölyhaitta
                      </h3>
                      <p
                        class="text--normal text--body-m"
                      >
                        -
                      </p>
                    </div>
                    <div
                      class="gridItem"
                    >
                      <h3
                        class="text--bold text--h6"
                      >
                        Tärinähaitta
                      </h3>
                      <p
                        class="text--normal text--body-m"
                      >
                        -
                      </p>
                    </div>
                  </div>
                </div>
              </div>
            </div>
          </div>
          <div
            class="pagination"
          >
            <button
              aria-label="Listan ensimmäiselle sivulle"
              class="toBeginning"
              data-testid="toBeginning"
              disabled=""
              type="button"
            >
              <svg
                aria-hidden="true"
                class="Icon-module_icon__1Jtzj icon_hds-icon__1YqNC Icon-module_s__2WGWe icon_hds-icon--size-s__2Lkik"
                role="img"
                viewBox="0 0 24 24"
                xmlns="http://www.w3.org/2000/svg"
              >
                <g
                  fill="none"
                  fill-rule="evenodd"
                >
                  <polygon
                    points="24 0 24 24 0 24 0 0"
                  />
                  <polygon
                    fill="currentColor"
                    points="10.5 12 15.5 17 14 18.5 7.5 12 14 5.5 15.5 7"
                  />
                </g>
              </svg>
              <svg
                aria-hidden="true"
                class="Icon-module_icon__1Jtzj icon_hds-icon__1YqNC Icon-module_s__2WGWe icon_hds-icon--size-s__2Lkik"
                role="img"
                viewBox="0 0 24 24"
                xmlns="http://www.w3.org/2000/svg"
              >
                <g
                  fill="none"
                  fill-rule="evenodd"
                >
                  <polygon
                    points="24 0 24 24 0 24 0 0"
                  />
                  <polygon
                    fill="currentColor"
                    points="10.5 12 15.5 17 14 18.5 7.5 12 14 5.5 15.5 7"
                  />
                </g>
              </svg>
            </button>
            <button
              aria-label="Listan edelliselle sivulle"
              class="backward"
              data-testid="backward"
              disabled=""
              type="button"
            >
              <svg
                aria-hidden="true"
                class="Icon-module_icon__1Jtzj icon_hds-icon__1YqNC Icon-module_s__2WGWe icon_hds-icon--size-s__2Lkik"
                role="img"
                viewBox="0 0 24 24"
                xmlns="http://www.w3.org/2000/svg"
              >
                <g
                  fill="none"
                  fill-rule="evenodd"
                >
                  <polygon
                    points="24 0 24 24 0 24 0 0"
                  />
                  <polygon
                    fill="currentColor"
                    points="10.5 12 15.5 17 14 18.5 7.5 12 14 5.5 15.5 7"
                  />
                </g>
              </svg>
            </button>
            <span
              class="wrp"
            >
              Sivu
               
              <span
                data-testid="currentPage"
              >
                1
              </span>
               /
               
              <span
                data-testid="amountOfPages"
              >
                1
              </span>
            </span>
            <button
              aria-label="Listan seuraavalle sivulle"
              class="forward"
              data-testid="forward"
              disabled=""
              type="button"
            >
              <svg
                aria-hidden="true"
                class="Icon-module_icon__1Jtzj icon_hds-icon__1YqNC Icon-module_s__2WGWe icon_hds-icon--size-s__2Lkik"
                role="img"
                viewBox="0 0 24 24"
                xmlns="http://www.w3.org/2000/svg"
              >
                <g
                  fill="none"
                  fill-rule="evenodd"
                >
                  <polygon
                    points="0 24 0 0 24 0 24 24"
                  />
                  <polygon
                    fill="currentColor"
                    points="13.5 12 8.5 7 10 5.5 16.5 12 10 18.5 8.5 17"
                  />
                </g>
              </svg>
            </button>
            <button
              aria-label="Listan viimeiselle sivulle"
              class="toEnd"
              data-testid="toEnd"
              disabled=""
              type="button"
            >
              <svg
                aria-hidden="true"
                class="Icon-module_icon__1Jtzj icon_hds-icon__1YqNC Icon-module_s__2WGWe icon_hds-icon--size-s__2Lkik"
                role="img"
                viewBox="0 0 24 24"
                xmlns="http://www.w3.org/2000/svg"
              >
                <g
                  fill="none"
                  fill-rule="evenodd"
                >
                  <polygon
                    points="0 24 0 0 24 0 24 24"
                  />
                  <polygon
                    fill="currentColor"
                    points="13.5 12 8.5 7 10 5.5 16.5 12 10 18.5 8.5 17"
                  />
                </g>
              </svg>
              <svg
                aria-hidden="true"
                class="Icon-module_icon__1Jtzj icon_hds-icon__1YqNC Icon-module_s__2WGWe icon_hds-icon--size-s__2Lkik"
                role="img"
                viewBox="0 0 24 24"
                xmlns="http://www.w3.org/2000/svg"
              >
                <g
                  fill="none"
                  fill-rule="evenodd"
                >
                  <polygon
                    points="0 24 0 0 24 0 24 24"
                  />
                  <polygon
                    fill="currentColor"
                    points="13.5 12 8.5 7 10 5.5 16.5 12 10 18.5 8.5 17"
                  />
                </g>
              </svg>
            </button>
          </div>
        </div>
      </div>
    </div>
  </div>,
  "debug": [Function],
  "findAllByAltText": [Function],
  "findAllByDisplayValue": [Function],
  "findAllByLabelText": [Function],
  "findAllByPlaceholderText": [Function],
  "findAllByRole": [Function],
  "findAllByTestId": [Function],
  "findAllByText": [Function],
  "findAllByTitle": [Function],
  "findByAltText": [Function],
  "findByDisplayValue": [Function],
  "findByLabelText": [Function],
  "findByPlaceholderText": [Function],
  "findByRole": [Function],
  "findByTestId": [Function],
  "findByText": [Function],
  "findByTitle": [Function],
  "getAllByAltText": [Function],
  "getAllByDisplayValue": [Function],
  "getAllByLabelText": [Function],
  "getAllByPlaceholderText": [Function],
  "getAllByRole": [Function],
  "getAllByTestId": [Function],
  "getAllByText": [Function],
  "getAllByTitle": [Function],
  "getByAltText": [Function],
  "getByDisplayValue": [Function],
  "getByLabelText": [Function],
  "getByPlaceholderText": [Function],
  "getByRole": [Function],
  "getByTestId": [Function],
  "getByText": [Function],
  "getByTitle": [Function],
  "queryAllByAltText": [Function],
  "queryAllByDisplayValue": [Function],
  "queryAllByLabelText": [Function],
  "queryAllByPlaceholderText": [Function],
  "queryAllByRole": [Function],
  "queryAllByTestId": [Function],
  "queryAllByText": [Function],
  "queryAllByTitle": [Function],
  "queryByAltText": [Function],
  "queryByDisplayValue": [Function],
  "queryByLabelText": [Function],
  "queryByPlaceholderText": [Function],
  "queryByRole": [Function],
  "queryByTestId": [Function],
  "queryByText": [Function],
  "queryByTitle": [Function],
  "rerender": [Function],
  "unmount": [Function],
}
`;
